#pragma once
#include <functional>

#include <QObject>

class Window : public QObject {
Q_OBJECT

public:
        Window(QObject *parent = 0);
};

class Window2 : public QObject {
Q_OBJECT

public:
        Window2(QObject *parent = 0);
};

class Preferences : public QObject {
Q_OBJECT
Q_PROPERTY(QObject* _window MEMBER _Window CONSTANT);
Q_PROPERTY(QObject* _window2 MEMBER _Window2 CONSTANT);

public:
        Window* window() const;
        Window* window2() const;

        void sync();
        void load();
        static Preferences* self();

private:
        Preferences(QObject *parent = 0);
        Window *_Window;
        Window2 *_Window2;
};
